Warning[w6]: Type conflict for external/entry "TestMyCode", in module r_main against external/entry in module skumar15_graphics; prototyped function vs K&R function
  /* In module r_main: */
  /* Function, args 0, attr 0 */
  void TestMyCode(void);
  /* In module skumar15_graphics: */
  /* K&R Function, args 0, attr 0 */
  void TestMyCode();
################################################################################
#                                                                              #
#      IAR Universal Linker V5.7.1.40                                          #
#                                                                              #
#           Link time     =  17/Apr/2014  13:06:23                             #
#           Target CPU    =  RL78                                              #
#           List file     =  "D:\NCSU\Courses\ECE 561 Embedded System Design\P #
#                            roject 3\Project3\Project3\Project3Code\Debug\Lis #
#                            t\LCDDemo.map"                                    #
#           Output file 1 =  "D:\NCSU\Courses\ECE 561 Embedded System Design\P #
#                            roject 3\Project3\Project3\Project3Code\Debug\Exe #
#                            \LCDDemo.d87"                                     #
#                            Format: debug                                     #
#                            UBROF version 10.0.6                              #
#                            Using library modules for C-SPY (-rt)             #
#           Command line  =  "D:\NCSU\Courses\ECE 561 Embedded System Design\P #
#                            roject 3\Project3\Project3\Project3Code\Debug\Obj #
#                            \LibReplacement.r87"                              #
#                            "D:\NCSU\Courses\ECE 561 Embedded System Design\P #
#                            roject 3\Project3\Project3\Project3Code\Debug\Obj #
#                            \RDKRL78_spi.r87"                                 #
#                            "D:\NCSU\Courses\ECE 561 Embedded System Design\P #
#                            roject 3\Project3\Project3\Project3Code\Debug\Obj #
#                            \ST7579_LCD.r87"                                  #
#                            "D:\NCSU\Courses\ECE 561 Embedded System Design\P #
#                            roject 3\Project3\Project3\Project3Code\Debug\Obj #
#                            \YRDKRL78_LCD.r87"                                #
#                            "D:\NCSU\Courses\ECE 561 Embedded System Design\P #
#                            roject 3\Project3\Project3\Project3Code\Debug\Obj #
#                            \bitmap_font.r87"                                 #
#                            "D:\NCSU\Courses\ECE 561 Embedded System Design\P #
#                            roject 3\Project3\Project3\Project3Code\Debug\Obj #
#                            \fbuf_graphics.r87"                               #
#                            "D:\NCSU\Courses\ECE 561 Embedded System Design\P #
#                            roject 3\Project3\Project3\Project3Code\Debug\Obj #
#                            \font_8x16.r87"                                   #
#                            "D:\NCSU\Courses\ECE 561 Embedded System Design\P #
#                            roject 3\Project3\Project3\Project3Code\Debug\Obj #
#                            \font_8x8.r87"                                    #
#                            "D:\NCSU\Courses\ECE 561 Embedded System Design\P #
#                            roject 3\Project3\Project3\Project3Code\Debug\Obj #
#                            \font_helvr10.r87"                                #
#                            "D:\NCSU\Courses\ECE 561 Embedded System Design\P #
#                            roject 3\Project3\Project3\Project3Code\Debug\Obj #
#                            \font_logos.r87"                                  #
#                            "D:\NCSU\Courses\ECE 561 Embedded System Design\P #
#                            roject 3\Project3\Project3\Project3Code\Debug\Obj #
#                            \font_winfreesystem14x16.r87"                     #
#                            "D:\NCSU\Courses\ECE 561 Embedded System Design\P #
#                            roject 3\Project3\Project3\Project3Code\Debug\Obj #
#                            \font_x5x7.r87"                                   #
#                            "D:\NCSU\Courses\ECE 561 Embedded System Design\P #
#                            roject 3\Project3\Project3\Project3Code\Debug\Obj #
#                            \font_x6x13.r87"                                  #
#                            "D:\NCSU\Courses\ECE 561 Embedded System Design\P #
#                            roject 3\Project3\Project3\Project3Code\Debug\Obj #
#                            \glyph.r87"                                       #
#                            "D:\NCSU\Courses\ECE 561 Embedded System Design\P #
#                            roject 3\Project3\Project3\Project3Code\Debug\Obj #
#                            \glyph_register.r87"                              #
#                            "D:\NCSU\Courses\ECE 561 Embedded System Design\P #
#                            roject 3\Project3\Project3\Project3Code\Debug\Obj #
#                            \lcd.r87"                                         #
#                            "D:\NCSU\Courses\ECE 561 Embedded System Design\P #
#                            roject 3\Project3\Project3\Project3Code\Debug\Obj #
#                            \profile.r87"                                     #
#                            "D:\NCSU\Courses\ECE 561 Embedded System Design\P #
#                            roject 3\Project3\Project3\Project3Code\Debug\Obj #
#                            \r_cg_adc.r87"                                    #
#                            "D:\NCSU\Courses\ECE 561 Embedded System Design\P #
#                            roject 3\Project3\Project3\Project3Code\Debug\Obj #
#                            \r_cg_adc_user.r87"                               #
#                            "D:\NCSU\Courses\ECE 561 Embedded System Design\P #
#                            roject 3\Project3\Project3\Project3Code\Debug\Obj #
#                            \r_cg_cgc.r87"                                    #
#                            "D:\NCSU\Courses\ECE 561 Embedded System Design\P #
#                            roject 3\Project3\Project3\Project3Code\Debug\Obj #
#                            \r_cg_cgc_user.r87"                               #
#                            "D:\NCSU\Courses\ECE 561 Embedded System Design\P #
#                            roject 3\Project3\Project3\Project3Code\Debug\Obj #
#                            \r_cg_it.r87"                                     #
#                            "D:\NCSU\Courses\ECE 561 Embedded System Design\P #
#                            roject 3\Project3\Project3\Project3Code\Debug\Obj #
#                            \r_cg_it_user.r87"                                #
#                            "D:\NCSU\Courses\ECE 561 Embedded System Design\P #
#                            roject 3\Project3\Project3\Project3Code\Debug\Obj #
#                            \r_cg_port.r87"                                   #
#                            "D:\NCSU\Courses\ECE 561 Embedded System Design\P #
#                            roject 3\Project3\Project3\Project3Code\Debug\Obj #
#                            \r_cg_port_user.r87"                              #
#                            "D:\NCSU\Courses\ECE 561 Embedded System Design\P #
#                            roject 3\Project3\Project3\Project3Code\Debug\Obj #
#                            \r_cg_serial.r87"                                 #
#                            "D:\NCSU\Courses\ECE 561 Embedded System Design\P #
#                            roject 3\Project3\Project3\Project3Code\Debug\Obj #
#                            \r_cg_serial_user.r87"                            #
#                            "D:\NCSU\Courses\ECE 561 Embedded System Design\P #
#                            roject 3\Project3\Project3\Project3Code\Debug\Obj #
#                            \r_cg_timer.r87"                                  #
#                            "D:\NCSU\Courses\ECE 561 Embedded System Design\P #
#                            roject 3\Project3\Project3\Project3Code\Debug\Obj #
#                            \r_cg_timer_user.r87"                             #
#                            "D:\NCSU\Courses\ECE 561 Embedded System Design\P #
#                            roject 3\Project3\Project3\Project3Code\Debug\Obj #
#                            \r_main.r87"                                      #
#                            "D:\NCSU\Courses\ECE 561 Embedded System Design\P #
#                            roject 3\Project3\Project3\Project3Code\Debug\Obj #
#                            \r_systeminit.r87"                                #
#                            "D:\NCSU\Courses\ECE 561 Embedded System Design\P #
#                            roject 3\Project3\Project3\Project3Code\Debug\Obj #
#                            \region.r87"                                      #
#                            "D:\NCSU\Courses\ECE 561 Embedded System Design\P #
#                            roject 3\Project3\Project3\Project3Code\Debug\Obj #
#                            \rtc_sched.r87"                                   #
#                            "D:\NCSU\Courses\ECE 561 Embedded System Design\P #
#                            roject 3\Project3\Project3\Project3Code\Debug\Obj #
#                            \skumar15_graphics.r87"                           #
#                            "D:\NCSU\Courses\ECE 561 Embedded System Design\P #
#                            roject 3\Project3\Project3\Project3Code\Debug\Obj #
#                            \tasks.r87"                                       #
#                            -o                                                #
#                            "D:\NCSU\Courses\ECE 561 Embedded System Design\P #
#                            roject 3\Project3\Project3\Project3Code\Debug\Exe #
#                            \LCDDemo.d87"                                     #
#                            -l                                                #
#                            "D:\NCSU\Courses\ECE 561 Embedded System Design\P #
#                            roject 3\Project3\Project3\Project3Code\Debug\Lis #
#                            t\LCDDemo.map"                                    #
#                            -xmsn                                             #
#                            "-IC:\Program Files (x86)\IAR Systems\Embedded Wo #
#                            rkbench 6.5\rl78\LIB\"                            #
#                            -f                                                #
#                            "D:\NCSU\Courses\ECE 561 Embedded System Design\P #
#                            roject 3\Project3\Project3\Project3Code\applilet3 #
#                            _src\md_lnkr5f104pj.xcl"                          #
#                            (-cRL78 -Z(CODE)INTVEC=00000-0007F                #
#                            -Z(CODE)CLTVEC=00080-000BF                        #
#                            -Z(CODE)OPTBYTE=000C0-000C3                       #
#                            -Z(CODE)SECUID=000C4-000CD                        #
#                            -Z(CODE)OCNIROM1=000CE-000D7                      #
#                            -Z(CODE)OCNIROM2=3FE00-3FFFF --segment_mirror     #
#                            @NEAR_CONST=NEAR_CONST_ID                         #
#                            -Z(CONST)NEAR_CONST_ID=_NEAR_CONST_LOCATION_START #
#                            -_NEAR_CONST_LOCATION_END                         #
#                            -Z(DATA)NEAR_CONST=(_NEAR_CONST_LOCATION_START+F0 #
#                            000)-(_NEAR_CONST_LOCATION_END+F0000)             #
#                            -Z(CODE)RCODE,CODE=000D8-0FFFF                    #
#                            -Z(CONST)SWITCH=000D8-0FDFF                       #
#                            -Z(CONST)NEAR_ID=[000D8-0FDFF]/10000              #
#                            -Z(CONST)SADDR_ID=[000D8-0FDFF]/10000             #
#                            -Z(CONST)DIFUNCT=[000D8-0FDFF]/10000              #
#                            -Z(CONST)FAR_ID=[09F00-3FDFF]/10000               #
#                            -Z(DATA)FAR_I=[F9F00-FFE1F]/10000                 #
#                            -P(CONST)FAR_CONST,FSWITCH=[000D8-3FDFF]/10000    #
#                            -P(CODE)XCODE=[000D8-3FDFF]/10000                 #
#                            -Z(DATA)EEPROM=F1000-F2FFF                        #
#                            -Z(DATA)WRKSEG=FFE20-FFEDF                        #
#                            -Z(DATA)SADDR_I,SADDR_Z,SADDR_N=FFE20-FFEDF       #
#                            -Z(DATA)NEAR_I,NEAR_Z,NEAR_N=F9F00-FFE1F          #
#                            -Z(DATA)FAR_Z=[F9F00-FFE1F]/10000                 #
#                            -P(DATA)FAR_N=[F9F00-FFE1F]/10000                 #
#                            -Z(DATA)NEAR_HEAP+_NEAR_HEAP_SIZE=F9F00-FFE1F     #
#                            -Z(DATA)FAR_HEAP+_FAR_HEAP_SIZE=[F9F00-FFE1F]/100 #
#                            00                                                #
#                            -Z(DATA)CSTACK+_CSTACK_SIZE=F9F00-FFE1F) -rt -s   #
#                            __program_start -D_NEAR_CONST_LOCATION=0          #
#                            -D_NEAR_CONST_LOCATION_START=3000                 #
#                            -D_NEAR_CONST_LOCATION_END=9EFF                   #
#                            "C:\Program Files (x86)\IAR Systems\Embedded Work #
#                            bench 6.5\rl78\LIB\dlrl78nn2n.r87"                #
#                            -eHWDIV_8_8_8=?UC_DIV_L01                         #
#                            -eHWMOD_8_8_8=?UC_MOD_L01                         #
#                            -eHWSDIV_8_8_8=?SC_DIV_L01                        #
#                            -eHWSMOD_8_8_8=?SC_MOD_L01                        #
#                            -eHWSDIV_16_16_16=?SI_DIV_L02                     #
#                            -eHWSMOD_16_16_16=?SI_MOD_L02                     #
#                            -eHWSDIV_32_32_32=?SL_DIV_L03                     #
#                            -eHWSMOD_32_32_32=?SL_MOD_L03                     #
#                            -e_PrintfLargeNoMb=_Printf                        #
#                            -e__iar_sin_small=sin -e__iar_cos_small=cos       #
#                            -e__iar_tan_small=tan -e__iar_log_small=log       #
#                            -e__iar_log10_small=log10 -e__iar_exp_small=exp   #
#                            -e__iar_pow_small=pow                             #
#                            -e__iar_Sin_small=__iar_Sin                       #
#                            -e__iar_sin_smallf=sinf -e__iar_cos_smallf=cosf   #
#                            -e__iar_tan_smallf=tanf -e__iar_log_smallf=logf   #
#                            -e__iar_log10_smallf=log10f                       #
#                            -e__iar_exp_smallf=expf -e__iar_pow_smallf=powf   #
#                            -e__iar_Sin_smallf=__iar_Sinf                     #
#                            -e__iar_sin_smalll=sinl -e__iar_cos_smalll=cosl   #
#                            -e__iar_tan_smalll=tanl -e__iar_log_smalll=logl   #
#                            -e__iar_log10_smalll=log10l                       #
#                            -e__iar_exp_smalll=expl -e__iar_pow_smalll=powl   #
#                            -e__iar_Sin_smalll=__iar_Sinl                     #
#                            -D_CSTACK_SIZE=200 -D_NEAR_HEAP_SIZE=100          #
#                            -D_FAR_HEAP_SIZE=1000                             #
#                                                                              #
#                           Copyright (C) 1987-2013 IAR Systems AB.            #
################################################################################





                ****************************************
                *                                      *
                *           CROSS REFERENCE            *
                *                                      *
                ****************************************

       Program entry at :           00000224  Relocatable, from module : ?CSTARTUP




                ****************************************
                *                                      *
                *            RUNTIME MODEL             *
                *                                      *
                ****************************************

  __Heap_Handler             = Basic
  __SystemLibrary            = DLib
  __code_model               = near
  __core                     = rl78_2
  __data_model               = near
  __dlib_file_descriptor     = 0
  __dlib_full_locale_support = 0
  __far_rt_calls             = false
  __rt_version               = 1

                ****************************************
                *                                      *
                *    AUTOMATIC SYMBOL REDIRECTIONS     *
                *                                      *
                ****************************************

                  There are no automatic symbol redirections.



                ****************************************
                *                                      *
                *              MODULE MAP              *
                *                                      *
                ****************************************


  DEFINED ABSOLUTE ENTRIES
    *************************************************************************

  DEFINED ABSOLUTE ENTRIES
  PROGRAM MODULE, NAME : ?ABS_ENTRY_MOD

Absolute parts
           ENTRY                   ADDRESS         REF BY
           =====                   =======         ======
           _FAR_HEAP_SIZE          00001000 
           _NEAR_HEAP_SIZE         00000100 
           _CSTACK_SIZE            00000200 
           _NEAR_CONST_LOCATION_END
                                   00009EFF 
           _NEAR_CONST_LOCATION_START
                                   00003000 
           _NEAR_CONST_LOCATION    00000000        Segment part 3 (?CSTARTUP)
    *************************************************************************

  FILE NAME : D:\NCSU\Courses\ECE 561 Embedded System Design\Project 3\Project3\Project3\Project3Code\Debug\Obj\LibReplacement.r87
  LIBRARY MODULE, NAME : __HWSDIV_16_16_16

  SEGMENTS IN THE MODULE
  ======================
__aseg
  Relative segment, address: 00000000, align: 0
  Segment part 1. ROOT.
    -------------------------------------------------------------------------
RCODE
  Relative segment, address: 000000D8 - 00000118 (0x41 bytes), align: 1
  Segment part 2. ROOT.
           ENTRY                   ADDRESS         REF BY
           =====                   =======         ======
           HWSDIV_16_16_16         000000D8        DrawNeedleFiller (skumar15_graphics)
                                                   div (?div)
           LOCAL                   ADDRESS         
           =====                   =======         
           LABEL1                  000000EC 
           LABEL2                  000000F9 
           LABEL3                  00000113 

    -------------------------------------------------------------------------
  LIBRARY MODULE, NAME : __HWSMOD_16_16_16

  SEGMENTS IN THE MODULE
  ======================
__aseg
  Relative segment, address: 00000000, align: 0
  Segment part 1. ROOT.
    -------------------------------------------------------------------------
RCODE
  Relative segment, address: 0000011A - 00000158 (0x3f bytes), align: 1
  Segment part 2. ROOT.
           ENTRY                   ADDRESS         REF BY
           =====                   =======         ======
           HWSMOD_16_16_16         0000011A        LCDDrawDialBackground (skumar15_graphics)
           LOCAL                   ADDRESS         
           =====                   =======         
           LABEL1                  0000012D 
           LABEL2                  0000013A 
           LABEL3                  00000153 

    -------------------------------------------------------------------------
  LIBRARY MODULE, NAME : __HWSDIV_32_32_32

  SEGMENTS IN THE MODULE
  ======================
__aseg
  Relative segment, address: 00000000, align: 0
  Segment part 1. ROOT.
    -------------------------------------------------------------------------
RCODE
  Relative segment, address: 0000015A - 00000206 (0xad bytes), align: 1
  Segment part 2. ROOT.
           ENTRY                   ADDRESS         REF BY
           =====                   =======         ======
           HWSDIV_32_32_32         0000015A        _LdtobLargeNoMb (?xprintflarge_nomb)
           LOCAL                   ADDRESS         
           =====                   =======         
           LABEL1                  00000202 
           LABEL2                  00000203 
           LABEL3                  0000018F 
           LABEL4                  000001C1 
           LABEL5                  00000171 
           LABEL6                  00000189 
           Label8                  000001D6 

    -------------------------------------------------------------------------
  LIBRARY MODULE, NAME : __HWSxxx_32_32_32

  SEGMENTS IN THE MODULE
  ======================
__aseg
  Relative segment, address: 00000000, align: 0
  Segment part 1. ROOT.
    -------------------------------------------------------------------------
RCODE
  Relative segment, address: 00000208 - 0000021E (0x17 bytes), align: 1
  Segment part 2. ROOT.
           ENTRY                   ADDRESS         REF BY
           =====                   =======         ======
           CHGSIGN_32              00000208        HWSDIV_32_32_32 (__HWSDIV_32_32_32)

    *************************************************************************

  FILE NAME : D:\NCSU\Courses\ECE 561 Embedded System Design\Project 3\Project3\Project3\Project3Code\Debug\Obj\RDKRL78_spi.r87
  PROGRAM MODULE, NAME : RDKRL78_spi

  SEGMENTS IN THE MODULE
  ======================
SADDR_A
  Relative segment, address: 000FFF0D - 000FFF0D (0x1 bytes), align: 0
  Segment part 1. ROOT.       Intra module refs:   R_PORT_Create (r_cg_port)
                                                   SPI_Init
           ENTRY                   ADDRESS         REF BY
           =====                   =======         ======
           _A_P13                  000FFF0D 
           LOCAL                   ADDRESS         
           =====                   =======         
           P13                     000FFF0D 
           P13_bit                 000FFF0D 
    -------------------------------------------------------------------------
SADDR_A
  Relative segment, address: 000FFF0E - 000FFF0E (0x1 bytes), align: 0
  Segment part 2. ROOT.       Intra module refs:   R_PORT_Create (r_cg_port)
                                                   Segment part 5
                                                   YRDKRL78_CommandSend (YRDKRL78_LCD)
                                                   YRDKRL78_DataSend (YRDKRL78_LCD)
           ENTRY                   ADDRESS         REF BY
           =====                   =======         ======
           _A_P14                  000FFF0E 
           LOCAL                   ADDRESS         
           =====                   =======         
           P14                     000FFF0E 
           P14_bit                 000FFF0E 
    -------------------------------------------------------------------------
NEAR_I
  Relative segment, address: 000F9F00 - 000F9F03 (0x4 bytes), align: 1
  Segment part 4.             Intra module refs:   SPI_Send
           ENTRY                   ADDRESS         REF BY
           =====                   =======         ======
           SPI_CS_Port             000F9F00 
    -------------------------------------------------------------------------
NEAR_I
  Relative segment, address: 000F9F04 - 000F9F05 (0x2 bytes), align: 1
  Segment part 6.             Intra module refs:   SPI_Send
           ENTRY                   ADDRESS         REF BY
           =====                   =======         ======
           SPI_CS_Pin              000F9F04 
    -------------------------------------------------------------------------
CODE
  Relative segment, address: 0000498E - 00004A0C (0x7f bytes), align: 0
  Segment part 8.
           ENTRY                   ADDRESS         REF BY
           =====                   =======         ======
           SPI_Init                0000498E        YRDKRL78_RSPIOpen (YRDKRL78_LCD)
                                                   main (r_main)
               calls direct
               CSTACK = 00000000 ( 00000002 )
    -------------------------------------------------------------------------
CODE
  Relative segment, address: 00004A0D - 00004A93 (0x87 bytes), align: 0
  Segment part 12.
           ENTRY                   ADDRESS         REF BY
           =====                   =======         ======
           SPI_Send                00004A0D        ?Subroutine0 (YRDKRL78_LCD)
               calls direct
               CSTACK = 00000004 ( 0000000A )
    -------------------------------------------------------------------------
CODE
  Relative segment, address: 00004A94 - 00004A98 (0x5 bytes), align: 0
  Segment part 13.            Intra module refs:   SPI_Send
           LOCAL                   ADDRESS         
           =====                   =======         
           ?Subroutine0            00004A94 
    -------------------------------------------------------------------------
NEAR_ID
  Relative segment, address: 00008762 - 00008765 (0x4 bytes), align: 1
  Segment part 5.             Intra module refs:   SPI_CS_Port
    -------------------------------------------------------------------------
NEAR_ID
  Relative segment, address: 00008766 - 00008767 (0x2 bytes), align: 1
  Segment part 7.             Intra module refs:   SPI_CS_Pin

    *************************************************************************

  FILE NAME : D:\NCSU\Courses\ECE 561 Embedded System Design\Project 3\Project3\Project3\Project3Code\Debug\Obj\ST7579_LCD.r87
  PROGRAM MODULE, NAME : ST7579_LCD

  SEGMENTS IN THE MODULE
  ======================
CODE
  Relative segment, address: 00004A99 - 00004DAE (0x316 bytes), align: 0
  Segment part 2.
           ENTRY                   ADDRESS         REF BY
           =====                   =======         ======
           ST7579_Open             00004A99        GlyphLCDOpen (glyph_register)
               calls indirect
               CSTACK = 00000000 ( 0000000A )
    -------------------------------------------------------------------------
CODE
  Relative segment, address: 00004DAF - 00004DB0 (0x2 bytes), align: 0
  Segment part 3.
           ENTRY                   ADDRESS         REF BY
           =====                   =======         ======
           ST7579_Close            00004DAF        GlyphLCDOpen (glyph_register)
    -------------------------------------------------------------------------
CODE
  Relative segment, address: 00004DB1 - 000057CA (0xa1a bytes), align: 0
  Segment part 4.
           ENTRY                   ADDRESS         REF BY
           =====                   =======         ======
           ST7579_Write            00004DB1        GlyphLCDOpen (glyph_register)
               calls indirect
               CSTACK = 00000000 ( 0000000E )
    -------------------------------------------------------------------------
CODE
  Relative segment, address: 000057CB - 000057D1 (0x7 bytes), align: 0
  Segment part 5.             Intra module refs:   ST7579_Read
                                                   ST7579_Write
           LOCAL                   ADDRESS         
           =====                   =======         
           ?Subroutine0            000057CB 
    -------------------------------------------------------------------------
CODE
  Relative segment, address: 000057D2 - 000058C2 (0xf1 bytes), align: 0
  Segment part 6.
           ENTRY                   ADDRESS         REF BY
           =====                   =======         ======
           ST7579_Read             000057D2        GlyphLCDOpen (glyph_register)
               CSTACK = 00000000 ( 00000004 )

    *************************************************************************

  FILE NAME : D:\NCSU\Courses\ECE 561 Embedded System Design\Project 3\Project3\Project3\Project3Code\Debug\Obj\YRDKRL78_LCD.r87
  PROGRAM MODULE, NAME : YRDKRL78_LCD

  SEGMENTS IN THE MODULE
  ======================
CODE
  Relative segment, address: 000058C3 - 000058C7 (0x5 bytes), align: 0
  Segment part 3.
           ENTRY                   ADDRESS         REF BY
           =====                   =======         ======
           YRDKRL78_RSPIOpen       000058C3        GlyphCommOpen (glyph_register)
               calls direct
    -------------------------------------------------------------------------
CODE
  Relative segment, address: 000058C8 - 000058CD (0x6 bytes), align: 0
  Segment part 4.
           ENTRY                   ADDRESS         REF BY
           =====                   =======         ======
           YRDKRL78_CommandSend    000058C8        FBG_RefreshLCD_BG (fbuf_graphics)
                                                   FBG_RefreshLCD_FG (fbuf_graphics)
                                                   GlyphCommOpen (glyph_register)
               calls direct
               CSTACK = 00000000 ( 00000008 )
    -------------------------------------------------------------------------
CODE
  Relative segment, address: 000058CE - 000058E1 (0x14 bytes), align: 0
  Segment part 5.             Intra module refs:   YRDKRL78_CommandSend
                                                   YRDKRL78_DataSend
           LOCAL                   ADDRESS         
           =====                   =======         
           ?Subroutine0            000058CE 
    -------------------------------------------------------------------------
CODE
  Relative segment, address: 000058E2 - 000058EA (0x9 bytes), align: 0
  Segment part 6.
           ENTRY                   ADDRESS         REF BY
           =====                   =======         ======
           YRDKRL78_DataSend       000058E2        FBG_RefreshLCD_BG (fbuf_graphics)
                                                   FBG_RefreshLCD_FG (fbuf_graphics)
                                                   GlyphCommOpen (glyph_register)
               calls direct
               CSTACK = 00000000 ( 00000008 )

    *************************************************************************

  FILE NAME : D:\NCSU\Courses\ECE 561 Embedded System Design\Project 3\Project3\Project3\Project3Code\Debug\Obj\bitmap_font.r87
    *************************************************************************

  FILE NAME : D:\NCSU\Courses\ECE 561 Embedded System Design\Project 3\Project3\Project3\Project3Code\Debug\Obj\fbuf_graphics.r87
  PROGRAM MODULE, NAME : fbuf_graphics

  SEGMENTS IN THE MODULE
  ======================
NEAR_Z
  Relative segment, address: 000FA700 - 000FA9FF (0x300 bytes), align: 1
  Segment part 3.             Intra module refs:   FBG_InitFB
                                                   FBG_RefreshLCD_BG
                                                   FBG_RefreshLCD_FG
                                                   FBG_SetPixel
           LOCAL                   ADDRESS         
           =====                   =======         
           fbuf_BG                 000FA700 
    -------------------------------------------------------------------------
NEAR_Z
  Relative segment, address: 000FAA00 - 000FACFF (0x300 bytes), align: 1
  Segment part 4.             Intra module refs:   FBG_InitFB
                                                   FBG_RefreshLCD_FG
                                                   FBG_SetPixel
           LOCAL                   ADDRESS         
           =====                   =======         
           fbuf_FG                 000FAA00 
    -------------------------------------------------------------------------
NEAR_Z
  Relative segment, address: 000FAD00 - 000FAFFF (0x300 bytes), align: 1
  Segment part 5.             Intra module refs:   FBG_RefreshLCD_FG
           LOCAL                   ADDRESS         
           =====                   =======         
           fbuf_FG_prev            000FAD00 
    -------------------------------------------------------------------------
NEAR_Z
  Relative segment, address: 000FB000 - 000FC7FF (0x1800 bytes), align: 1
  Segment part 6.             Intra module refs:   FBG_InitFB
           LOCAL                   ADDRESS         
           =====                   =======         
           fbuf_chk                000FB000 
    -------------------------------------------------------------------------
NEAR_Z
  Relative segment, address: 000FC800 - 000FCAFF (0x300 bytes), align: 1
  Segment part 7.             Intra module refs:   FBG_RefreshLCD_BG
                                                   FBG_SetPixel
           LOCAL                   ADDRESS         
           =====                   =======         
           fbuf_chk_bg             000FC800 
    -------------------------------------------------------------------------
NEAR_Z
  Relative segment, address: 000FCB00 - 000FCDFF (0x300 bytes), align: 1
  Segment part 8.             Intra module refs:   FBG_RefreshLCD_FG
                                                   FBG_SetPixel
           LOCAL                   ADDRESS         
           =====                   =======         
           fbuf_chk_fg             000FCB00 
    -------------------------------------------------------------------------
CODE
  Relative segment, address: 000058EB - 00005953 (0x69 bytes), align: 0
  Segment part 9.
           ENTRY                   ADDRESS         REF BY
           =====                   =======         ======
           FBG_InitFB              000058EB        TestMyCode (skumar15_graphics)
               CSTACK = 00000000 ( 0000000E )
    -------------------------------------------------------------------------
CODE
  Relative segment, address: 00005954 - 00005958 (0x5 bytes), align: 0
  Segment part 10.            Intra module refs:   FBG_InitFB
           LOCAL                   ADDRESS         
           =====                   =======         
           ?Subroutine0            00005954 
    -------------------------------------------------------------------------
CODE
  Relative segment, address: 00005959 - 000059C5 (0x6d bytes), align: 0
  Segment part 13.
           ENTRY                   ADDRESS         REF BY
           =====                   =======         ======
           FBG_RefreshLCD_BG       00005959        TestMyCode (skumar15_graphics)
               calls direct
               CSTACK = 00000000 ( 0000000C )
    -------------------------------------------------------------------------
CODE
  Relative segment, address: 000059C6 - 00005AEA (0x125 bytes), align: 0
  Segment part 14.
           ENTRY                   ADDRESS         REF BY
           =====                   =======         ======
           FBG_RefreshLCD_FG       000059C6        TestMyCode (skumar15_graphics)
               calls direct
               CSTACK = 00000000 ( 00000016 )
    -------------------------------------------------------------------------
CODE
  Relative segment, address: 00005AEB - 00005B72 (0x88 bytes), align: 0
  Segment part 16.
           ENTRY                   ADDRESS         REF BY
           =====                   =======         ======
           FBG_SetPixel            00005AEB        DrawNeedleFiller (skumar15_graphics)
                                                   LCDDrawDialBackground (skumar15_graphics)
                                                   TestMyCode (skumar15_graphics)
               CSTACK = 00000000 ( 00000004 )

    *************************************************************************

  FILE NAME : D:\NCSU\Courses\ECE 561 Embedded System Design\Project 3\Project3\Project3\Project3Code\Debug\Obj\font_8x16.r87
    *************************************************************************

  FILE NAME : D:\NCSU\Courses\ECE 561 Embedded System Design\Project 3\Project3\Project3\Project3Code\Debug\Obj\font_8x8.r87
  PROGRAM MODULE, NAME : font_8x8

  SEGMENTS IN THE MODULE
  ======================
NEAR_CONST
  Relative segment, address: 000F3000 - 000F3009 (0xa bytes), align: 1
  Segment part 2.             Intra module refs:   Font8x8_table
           ENTRY                   ADDRESS         REF BY
           =====                   =======         ======
           Font8x8_char_0          000F3000 
    -------------------------------------------------------------------------
NEAR_CONST
  Relative segment, address: 000F300A - 000F3013 (0xa bytes), align: 1
  Segment part 3.             Intra module refs:   Font8x8_table
           ENTRY                   ADDRESS         REF BY
           =====                   =======         ======
           Font8x8_char_1          000F300A 
    -------------------------------------------------------------------------
NEAR_CONST
  Relative segment, address: 000F3014 - 000F301D (0xa bytes), align: 1
  Segment part 4.             Intra module refs:   Font8x8_table
           ENTRY                   ADDRESS         REF BY
           =====                   =======         ======
           Font8x8_char_2          000F3014 
    -------------------------------------------------------------------------
NEAR_CONST
  Relative segment, address: 000F301E - 000F3027 (0xa bytes), align: 1
  Segment part 5.             Intra module refs:   Font8x8_table
           ENTRY                   ADDRESS         REF BY
           =====                   =======         ======
           Font8x8_char_3          000F301E 
    -------------------------------------------------------------------------
NEAR_CONST
  Relative segment, address: 000F3028 - 000F3031 (0xa bytes), align: 1
  Segment part 6.             Intra module refs:   Font8x8_table
           ENTRY                   ADDRESS         REF BY
           =====                   =======         ======
           Font8x8_char_4          000F3028 
    -------------------------------------------------------------------------
NEAR_CONST
  Relative segment, address: 000F3032 - 000F303B (0xa bytes), align: 1
  Segment part 7.             Intra module refs:   Font8x8_table
           ENTRY                   ADDRESS         REF BY
           =====                   =======         ======
           Font8x8_char_5          000F3032 
    -------------------------------------------------------------------------
NEAR_CONST
  Relative segment, address: 000F303C - 000F3045 (0xa bytes), align: 1
  Segment part 8.             Intra module refs:   Font8x8_table
           ENTRY                   ADDRESS         REF BY
           =====                   =======         ======
           Font8x8_char_6          000F303C 
    -------------------------------------------------------------------------
NEAR_CONST
  Relative segment, address: 000F3046 - 000F304F (0xa bytes), align: 1
  Segment part 9.             Intra module refs:   Font8x8_table
           ENTRY                   ADDRESS         REF BY
           =====                   =======         ======
           Font8x8_char_7          000F3046 
    -------------------------------------------------------------------------
NEAR_CONST
  Relative segment, address: 000F3050 - 000F3059 (0xa bytes), align: 1
  Segment part 10.            Intra module refs:   Font8x8_table
           ENTRY                   ADDRESS         REF BY
           =====                   =======         ======
           Font8x8_char_8          000F3050 
    -------------------------------------------------------------------------
NEAR_CONST
  Relative segment, address: 000F305A - 000F3063 (0xa bytes), align: 1
  Segment part 11.            Intra module refs:   Font8x8_table
           ENTRY                   ADDRESS         REF BY
           =====                   =======         ======
           Font8x8_char_9          000F305A 
    -------------------------------------------------------------------------
NEAR_CONST
  Relative segment, address: 000F3064 - 000F306D (0xa bytes), align: 1
  Segment part 12.            Intra module refs:   Font8x8_table
           ENTRY                   ADDRESS         REF BY
           =====                   =======         ======
           Font8x8_char_10         000F3064 
    -------------------------------------------------------------------------
NEAR_CONST
  Relative segment, address: 000F306E - 000F3077 (0xa bytes), align: 1
  Segment part 13.            Intra module refs:   Font8x8_table
           ENTRY                   ADDRESS         REF BY
           =====                   =======         ======
           Font8x8_char_11         000F306E 
    -------------------------------------------------------------------------
NEAR_CONST
  Relative segment, address: 000F3078 - 000F3081 (0xa bytes), align: 1
  Segment part 14.            Intra module refs:   Font8x8_table
           ENTRY                   ADDRESS         REF BY
           =====                   =======         ======
           Font8x8_char_12         000F3078 
    -------------------------------------------------------------------------
NEAR_CONST
  Relative segment, address: 000F3082 - 000F308B (0xa bytes), align: 1
  Segment part 15.            Intra module refs:   Font8x8_table
           ENTRY                   ADDRESS         REF BY
           =====                   =======         ======
           Font8x8_char_13         000F3082 
    -------------------------------------------------------------------------
NEAR_CONST
  Relative segment, address: 000F308C - 000F3095 (0xa bytes), align: 1
  Segment part 16.            Intra module refs:   Font8x8_table
           ENTRY                   ADDRESS         REF BY
           =====                   =======         ======
           Font8x8_char_14         000F308C 
    -------------------------------------------------------------------------
NEAR_CONST
  Relative segment, address: 000F3096 - 000F309F (0xa bytes), align: 1
  Segment part 17.            Intra module refs:   Font8x8_table
           ENTRY                   ADDRESS         REF BY
           =====                   =======         ======
           Font8x8_char_15         000F3096 
    -------------------------------------------------------------------------
NEAR_CONST
  Relative segment, address: 000F30A0 - 000F30A9 (0xa bytes), align: 1
  Segment part 18.            Intra module refs:   Font8x8_table
           ENTRY                   ADDRESS         REF BY
           =====                   =======         ======
           Font8x8_char_16         000F30A0 
    -------------------------------------------------------------------------
NEAR_CONST
  Relative segment, address: 000F30AA - 000F30B3 (0xa bytes), align: 1
  Segment part 19.            Intra module refs:   Font8x8_table
           ENTRY                   ADDRESS         REF BY
           =====                   =======         ======
           Font8x8_char_17         000F30AA 
    -------------------------------------------------------------------------
NEAR_CONST
  Relative segment, address: 000F30B4 - 000F30BD (0xa bytes), align: 1
  Segment part 20.            Intra module refs:   Font8x8_table
           ENTRY                   ADDRESS         REF BY
           =====                   =======         ======
           Font8x8_char_18         000F30B4 
    -------------------------------------------------------------------------
NEAR_CONST
  Relative segment, address: 000F30BE - 000F30C7 (0xa bytes), align: 1
  Segment part 21.            Intra module refs:   Font8x8_table
           ENTRY                   ADDRESS         REF BY
           =====                   =======         ======
           Font8x8_char_19         000F30BE 
    -------------------------------------------------------------------------
NEAR_CONST
  Relative segment, address: 000F30C8 - 000F30D1 (0xa bytes), align: 1
  Segment part 22.            Intra module refs:   Font8x8_table
           ENTRY                   ADDRESS         REF BY
           =====                   =======         ======
           Font8x8_char_20         000F30C8 
    -------------------------------------------------------------------------
NEAR_CONST
  Relative segment, address: 000F30D2 - 000F30DB (0xa bytes), align: 1
  Segment part 23.            Intra module refs:   Font8x8_table
           ENTRY                   ADDRESS         REF BY
           =====                   =======         ======
           Font8x8_char_21         000F30D2 
    -------------------------------------------------------------------------
NEAR_CONST
  Relative segment, address: 000F30DC - 000F30E5 (0xa bytes), align: 1
  Segment part 24.            Intra module refs:   Font8x8_table
           ENTRY                   ADDRESS         REF BY
           =====                   =======         ======
           Font8x8_char_22         000F30DC 
    -------------------------------------------------------------------------
NEAR_CONST
  Relative segment, address: 000F30E6 - 000F30EF (0xa bytes), align: 1
  Segment part 25.            Intra module refs:   Font8x8_table
           ENTRY                   ADDRESS         REF BY
           =====                   =======         ======
           Font8x8_char_23         000F30E6 
    -------------------------------------------------------------------------
NEAR_CONST
  Relative segment, address: 000F30F0 - 000F30F9 (0xa bytes), align: 1
  Segment part 26.            Intra module refs:   Font8x8_table
           ENTRY                   ADDRESS         REF BY
           =====                   =======         ======
           Font8x8_char_24         000F30F0 
    -------------------------------------------------------------------------
NEAR_CONST
  Relative segment, address: 000F30FA - 000F3103 (0xa bytes), align: 1
  Segment part 27.            Intra module refs:   Font8x8_table
           ENTRY                   ADDRESS         REF BY
           =====                   =======         ======
           Font8x8_char_25         000F30FA 
    -------------------------------------------------------------------------
NEAR_CONST
  Relative segment, address: 000F3104 - 000F310D (0xa bytes), align: 1
  Segment part 28.            Intra module refs:   Font8x8_table
           ENTRY                   ADDRESS         REF BY
           =====                   =======         ======
           Font8x8_char_26         000F3104 
    -------------------------------------------------------------------------
NEAR_CONST
  Relative segment, address: 000F310E - 000F3117 (0xa bytes), align: 1
  Segment part 29.            Intra module refs:   Font8x8_table
           ENTRY                   ADDRESS         REF BY
           =====                   =======         ======
           Font8x8_char_27         000F310E 
    -------------------------------------------------------------------------
NEAR_CONST
  Relative segment, address: 000F3118 - 000F3121 (0xa bytes), align: 1
  Segment part 30.            Intra module refs:   Font8x8_table
           ENTRY                   ADDRESS         REF BY
           =====                   =======         ======
           Font8x8_char_28         000F3118 
    -------------------------------------------------------------------------
NEAR_CONST
  Relative segment, address: 000F3122 - 000F312B (0xa bytes), align: 1
  Segment part 31.            Intra module refs:   Font8x8_table
           ENTRY                   ADDRESS         REF BY
           =====                   =======         ======
           Font8x8_char_29         000F3122 
    -------------------------------------------------------------------------
NEAR_CONST
  Relative segment, address: 000F312C - 000F3135 (0xa bytes), align: 1
  Segment part 32.            Intra module refs:   Font8x8_table
           ENTRY                   ADDRESS         REF BY
           =====                   =======         ======
           Font8x8_char_30         000F312C 
    -------------------------------------------------------------------------
NEAR_CONST
  Relative segment, address: 000F3136 - 000F313F (0xa bytes), align: 1
  Segment part 33.            Intra module refs:   Font8x8_table
           ENTRY                   ADDRESS         REF BY
           =====                   =======         ======
           Font8x8_char_31         000F3136 
    -------------------------------------------------------------------------
NEAR_CONST
  Relative segment, address: 000F3140 - 000F3149 (0xa bytes), align: 1
  Segment part 34.            Intra module refs:   Font8x8_table
           ENTRY                   ADDRESS         REF BY
           =====                   =======         ======
           Font8x8_char_32         000F3140 
    -------------------------------------------------------------------------
NEAR_CONST
  Relative segment, address: 000F314A - 000F3153 (0xa bytes), align: 1
  Segment part 35.            Intra module refs:   Font8x8_table
           ENTRY                   ADDRESS         REF BY
           =====                   =======         ======
           Font8x8_char_33         000F314A 
    -------------------------------------------------------------------------
NEAR_CONST
  Relative segment, address: 000F3154 - 000F315D (0xa bytes), align: 1
  Segment part 36.            Intra module refs:   Font8x8_table
           ENTRY                   ADDRESS         REF BY
           =====                   =======         ======
           Font8x8_char_34         000F3154 
    -------------------------------------------------------------------------
NEAR_CONST
  Relative segment, address: 000F315E - 000F3167 (0xa bytes), align: 1
  Segment part 37.            Intra module refs:   Font8x8_table
           ENTRY                   ADDRESS         REF BY
           =====                   =======         ======
           Font8x8_char_35         000F315E 
    -------------------------------------------------------------------------
NEAR_CONST
  Relative segment, address: 000F3168 - 000F3171 (0xa bytes), align: 1
  Segment part 38.            Intra module refs:   Font8x8_table
           ENTRY                   ADDRESS         REF BY
           =====                   =======         ======
           Font8x8_char_36         000F3168 
    -------------------------------------------------------------------------
NEAR_CONST
  Relative segment, address: 000F3172 - 000F317B (0xa bytes), align: 1
  Segment part 39.            Intra module refs:   Font8x8_table
           ENTRY                   ADDRESS         REF BY
           =====                   =======         ======
           Font8x8_char_37         000F3172 
    -------------------------------------------------------------------------
NEAR_CONST
  Relative segment, address: 000F317C - 000F3185 (0xa bytes), align: 1
  Segment part 40.            Intra module refs:   Font8x8_table
           ENTRY                   ADDRESS         REF BY
           =====                   =======         ======
           Font8x8_char_38         000F317C 
    -------------------------------------------------------------------------
NEAR_CONST
  Relative segment, address: 000F3186 - 000F318F (0xa bytes), align: 1
  Segment part 41.            Intra module refs:   Font8x8_table
           ENTRY                   ADDRESS         REF BY
           =====                   =======         ======
           Font8x8_char_39         000F3186 
    -------------------------------------------------------------------------
NEAR_CONST
  Relative segment, address: 000F3190 - 000F3199 (0xa bytes), align: 1
  Segment part 42.            Intra module refs:   Font8x8_table
           ENTRY                   ADDRESS         REF BY
           =====                   =======         ======
           Font8x8_char_40         000F3190 
    -------------------------------------------------------------------------
NEAR_CONST
  Relative segment, address: 000F319A - 000F31A3 (0xa bytes), align: 1
  Segment part 43.            Intra module refs:   Font8x8_table
           ENTRY                   ADDRESS         REF BY
           =====                   =======         ======
           Font8x8_char_41         000F319A 
    -------------------------------------------------------------------------
NEAR_CONST
  Relative segment, address: 000F31A4 - 000F31AD (0xa bytes), align: 1
  Segment part 44.            Intra module refs:   Font8x8_table
           ENTRY                   ADDRESS         REF BY
           =====                   =======         ======
           Font8x8_char_42         000F31A4 
    -------------------------------------------------------------------------
NEAR_CONST
  Relative segment, address: 000F31AE - 000F31B7 (0xa bytes), align: 1
  Segment part 45.            Intra module refs:   Font8x8_table
           ENTRY                   ADDRESS         REF BY
           =====                   =======         ======
           Font8x8_char_43         000F31AE 
    -------------------------------------------------------------------------
NEAR_CONST
  Relative segment, address: 000F31B8 - 000F31C1 (0xa bytes), align: 1
  Segment part 46.            Intra module refs:   Font8x8_table
           ENTRY                   ADDRESS         REF BY
           =====                   =======         ======
           Font8x8_char_44         000F31B8 
    -------------------------------------------------------------------------
NEAR_CONST
  Relative segment, address: 000F31C2 - 000F31CB (0xa bytes), align: 1
  Segment part 47.            Intra module refs:   Font8x8_table
           ENTRY                   ADDRESS         REF BY
           =====                   =======         ======
           Font8x8_char_45         000F31C2 
    -------------------------------------------------------------------------
NEAR_CONST
  Relative segment, address: 000F31CC - 000F31D5 (0xa bytes), align: 1
  Segment part 48.            Intra module refs:   Font8x8_table
           ENTRY                   ADDRESS         REF BY
           =====                   =======         ======
           Font8x8_char_46         000F31CC 
    -------------------------------------------------------------------------
NEAR_CONST
  Relative segment, address: 000F31D6 - 000F31DF (0xa bytes), align: 1
  Segment part 49.            Intra module refs:   Font8x8_table
           ENTRY                   ADDRESS         REF BY
           =====                   =======         ======
           Font8x8_char_47         000F31D6 
    -------------------------------------------------------------------------
NEAR_CONST
  Relative segment, address: 000F31E0 - 000F31E9 (0xa bytes), align: 1
  Segment part 50.            Intra module refs:   Font8x8_table
           ENTRY                   ADDRESS         REF BY
           =====                   =======         ======
           Font8x8_char_48         000F31E0 
    -------------------------------------------------------------------------
NEAR_CONST
  Relative segment, address: 000F31EA - 000F31F3 (0xa bytes), align: 1
  Segment part 51.            Intra module refs:   Font8x8_table
           ENTRY                   ADDRESS         REF BY
           =====                   =======         ======
           Font8x8_char_49         000F31EA 
    -------------------------------------------------------------------------
NEAR_CONST
  Relative segment, address: 000F31F4 - 000F31FD (0xa bytes), align: 1
  Segment part 52.            Intra module refs:   Font8x8_table
           ENTRY                   ADDRESS         REF BY
           =====                   =======         ======
           Font8x8_char_50         000F31F4 
    -------------------------------------------------------------------------
NEAR_CONST
  Relative segment, address: 000F31FE - 000F3207 (0xa bytes), align: 1
  Segment part 53.            Intra module refs:   Font8x8_table
           ENTRY                   ADDRESS         REF BY
           =====                   =======         ======
           Font8x8_char_51         000F31FE 
    -------------------------------------------------------------------------
NEAR_CONST
  Relative segment, address: 000F3208 - 000F3211 (0xa bytes), align: 1
  Segment part 54.            Intra module refs:   Font8x8_table
           ENTRY                   ADDRESS         REF BY
           =====                   =======         ======
           Font8x8_char_52         000F3208 
    -------------------------------------------------------------------------
NEAR_CONST
  Relative segment, address: 000F3212 - 000F321B (0xa bytes), align: 1
  Segment part 55.            Intra module refs:   Font8x8_table
           ENTRY                   ADDRESS         REF BY
           =====                   =======         ======
           Font8x8_char_53         000F3212 
    -------------------------------------------------------------------------
NEAR_CONST
  Relative segment, address: 000F321C - 000F3225 (0xa bytes), align: 1
  Segment part 56.            Intra module refs:   Font8x8_table
           ENTRY                   ADDRESS         REF BY
           =====                   =======         ======
           Font8x8_char_54         000F321C 
    -------------------------------------------------------------------------
NEAR_CONST
  Relative segment, address: 000F3226 - 000F322F (0xa bytes), align: 1
  Segment part 57.            Intra module refs:   Font8x8_table
           ENTRY                   ADDRESS         REF BY
           =====                   =======         ======
           Font8x8_char_55         000F3226 
    -------------------------------------------------------------------------
NEAR_CONST
  Relative segment, address: 000F3230 - 000F3239 (0xa bytes), align: 1
  Segment part 58.            Intra module refs:   Font8x8_table
           ENTRY                   ADDRESS         REF BY
           =====                   =======         ======
           Font8x8_char_56         000F3230 
    -------------------------------------------------------------------------
NEAR_CONST
  Relative segment, address: 000F323A - 000F3243 (0xa bytes), align: 1
  Segment part 59.            Intra module refs:   Font8x8_table
           ENTRY                   ADDRESS         REF BY
           =====                   =======         ======
           Font8x8_char_57         000F323A 
    -------------------------------------------------------------------------
NEAR_CONST
  Relative segment, address: 000F3244 - 000F324D (0xa bytes), align: 1
  Segment part 60.            Intra module refs:   Font8x8_table
           ENTRY                   ADDRESS         REF BY
           =====                   =======         ======
           Font8x8_char_58         000F3244 
    -------------------------------------------------------------------------
NEAR_CONST
  Relative segment, address: 000F324E - 000F3257 (0xa bytes), align: 1
  Segment part 61.            Intra module refs:   Font8x8_table
           ENTRY                   ADDRESS         REF BY
           =====                   =======         ======
           Font8x8_char_59         000F324E 
    -------------------------------------------------------------------------
NEAR_CONST
  Relative segment, address: 000F3258 - 000F3261 (0xa bytes), align: 1
  Segment part 62.            Intra module refs:   Font8x8_table
           ENTRY                   ADDRESS         REF BY
           =====                   =======         ======
           Font8x8_char_60         000F3258 
    -------------------------------------------------------------------------
NEAR_CONST
  Relative segment, address: 000F3262 - 000F326B (0xa bytes), align: 1
  Segment part 63.            Intra module refs:   Font8x8_table
           ENTRY                   ADDRESS         REF BY
           =====                   =======         ======
           Font8x8_char_61         000F3262 
    -------------------------------------------------------------------------
NEAR_CONST
  Relative segment, address: 000F326C - 000F3275 (0xa bytes), align: 1
  Segment part 64.            Intra module refs:   Font8x8_table
           ENTRY                   ADDRESS         REF BY
           =====                   =======         ======
           Font8x8_char_62         000F326C 
    -------------------------------------------------------------------------
NEAR_CONST
  Relative segment, address: 000F3276 - 000F327F (0xa bytes), align: 1
  Segment part 65.            Intra module refs:   Font8x8_table
           ENTRY                   ADDRESS         REF BY
           =====                   =======         ======
           Font8x8_char_63         000F3276 
    -------------------------------------------------------------------------
NEAR_CONST
  Relative segment, address: 000F3280 - 000F3289 (0xa bytes), align: 1
  Segment part 66.            Intra module refs:   Font8x8_table
           ENTRY                   ADDRESS         REF BY
           =====                   =======         ======
           Font8x8_char_64         000F3280 
    -------------------------------------------------------------------------
NEAR_CONST
  Relative segment, address: 000F328A - 000F3293 (0xa bytes), align: 1
  Segment part 67.            Intra module refs:   Font8x8_table
           ENTRY                   ADDRESS         REF BY
           =====                   =======         ======
           Font8x8_char_65         000F328A 
    -------------------------------------------------------------------------
NEAR_CONST
  Relative segment, address: 000F3294 - 000F329D (0xa bytes), align: 1
  Segment part 68.            Intra module refs:   Font8x8_table
           ENTRY                   ADDRESS         REF BY
           =====                   =======         ======
           Font8x8_char_66         000F3294 
    -------------------------------------------------------------------------
NEAR_CONST
  Relative segment, address: 000F329E - 000F32A7 (0xa bytes), align: 1
  Segment part 69.            Intra module refs:   Font8x8_table
           ENTRY                   ADDRESS         REF BY
           =====                   =======         ======
           Font8x8_char_67         000F329E 
    -------------------------------------------------------------------------
NEAR_CONST
  Relative segment, address: 000F32A8 - 000F32B1 (0xa bytes), align: 1
  Segment part 70.            Intra module refs:   Font8x8_table
           ENTRY                   ADDRESS         REF BY
           =====                   =======         ======
           Font8x8_char_68         000F32A8 
    -------------------------------------------------------------------------
NEAR_CONST
  Relative segment, address: 000F32B2 - 000F32BB (0xa bytes), align: 1
  Segment part 71.            Intra module refs:   Font8x8_table
           ENTRY                   ADDRESS         REF BY
           =====                   =======         ======
           Font8x8_char_69         000F32B2 
    -------------------------------------------------------------------------
NEAR_CONST
  Relative segment, address: 000F32BC - 000F32C5 (0xa bytes), align: 1
  Segment part 72.            Intra module refs:   Font8x8_table
           ENTRY                   ADDRESS         REF BY
           =====                   =======         ======
           Font8x8_char_70         000F32BC 
    -------------------------------------------------------------------------
NEAR_CONST
  Relative segment, address: 000F32C6 - 000F32CF (0xa bytes), align: 1
  Segment part 73.            Intra module refs:   Font8x8_table
           ENTRY                   ADDRESS         REF BY
           =====                   =======         ======
           Font8x8_char_71         000F32C6 
    -------------------------------------------------------------------------
NEAR_CONST
  Relative segment, address: 000F32D0 - 000F32D9 (0xa bytes), align: 1
  Segment part 74.            Intra module refs:   Font8x8_table
           ENTRY                   ADDRESS         REF BY
           =====                   =======         ======
           Font8x8_char_72         000F32D0 
    -------------------------------------------------------------------------
NEAR_CONST
  Relative segment, address: 000F32DA - 000F32E3 (0xa bytes), align: 1
  Segment part 75.            Intra module refs:   Font8x8_table
           ENTRY                   ADDRESS         REF BY
           =====                   =======         ======
           Font8x8_char_73         000F32DA 
    -------------------------------------------------------------------------
NEAR_CONST
  Relative segment, address: 000F32E4 - 000F32ED (0xa bytes), align: 1
  Segment part 76.            Intra module refs:   Font8x8_table
           ENTRY                   ADDRESS         REF BY
           =====                   =======         ======
           Font8x8_char_74         000F32E4 
    -------------------------------------------------------------------------
NEAR_CONST
  Relative segment, address: 000F32EE - 000F32F7 (0xa bytes), align: 1
  Segment part 77.            Intra module refs:   Font8x8_table
           ENTRY                   ADDRESS         REF BY
           =====                   =======         ======
           Font8x8_char_75         000F32EE 
    -------------------------------------------------------------------------
NEAR_CONST
  Relative segment, address: 000F32F8 - 000F3301 (0xa bytes), align: 1
  Segment part 78.            Intra module refs:   Font8x8_table
           ENTRY                   ADDRESS         REF BY
           =====                   =======         ======
           Font8x8_char_76         000F32F8 
    -------------------------------------------------------------------------
NEAR_CONST
  Relative segment, address: 000F3302 - 000F330B (0xa bytes), align: 1
  Segment part 79.            Intra module refs:   Font8x8_table
           ENTRY                   ADDRESS         REF BY
           =====                   =======         ======
           Font8x8_char_77         000F3302 
    -------------------------------------------------------------------------
NEAR_CONST
  Relative segment, address: 000F330C - 000F3315 (0xa bytes), align: 1
  Segment part 80.            Intra module refs:   Font8x8_table
           ENTRY                   ADDRESS         REF BY
           =====                   =======         ======
           Font8x8_char_78         000F330C 
    -------------------------------------------------------------------------
NEAR_CONST
  Relative segment, address: 000F3316 - 000F331F (0xa bytes), align: 1
  Segment part 81.            Intra module refs:   Font8x8_table
           ENTRY                   ADDRESS         REF BY
           =====                   =======         ======
           Font8x8_char_79         000F3316 
    -------------------------------------------------------------------------
NEAR_CONST
  Relative segment, address: 000F3320 - 000F3329 (0xa bytes), align: 1
  Segment part 82.            Intra module refs:   Font8x8_table
           ENTRY                   ADDRESS         REF BY
           =====                   =======         ======
           Font8x8_char_80         000F3320 
    -------------------------------------------------------------------------
NEAR_CONST
  Relative segment, address: 000F332A - 000F3333 (0xa bytes), align: 1
  Segment part 83.            Intra module refs:   Font8x8_table
           ENTRY                   ADDRESS         REF BY
           =====                   =======         ======
           Font8x8_char_81         000F332A 
    -------------------------------------------------------------------------
NEAR_CONST
  Relative segment, address: 000F3334 - 000F333D (0xa bytes), align: 1
  Segment part 84.            Intra module refs:   Font8x8_table
           ENTRY                   ADDRESS         REF BY
           =====                   =======         ======
           Font8x8_char_82         000F3334 
    -------------------------------------------------------------------------
NEAR_CONST
  Relative segment, address: 000F333E - 000F3347 (0xa bytes), align: 1
  Segment part 85.            Intra module refs:   Font8x8_table
           ENTRY                   ADDRESS         REF BY
           =====                   =======         ======
           Font8x8_char_83         000F333E 
    -------------------------------------------------------------------------
NEAR_CONST
  Relative segment, address: 000F3348 - 000F3351 (0xa bytes), align: 1
  Segment part 86.            Intra module refs:   Font8x8_table
           ENTRY                   ADDRESS         REF BY
           =====                   =======         ======
           Font8x8_char_84         000F3348 
    -------------------------------------------------------------------------
NEAR_CONST
  Relative segment, address: 000F3352 - 000F335B (0xa bytes), align: 1
  Segment part 87.            Intra module refs:   Font8x8_table
           ENTRY                   ADDRESS         REF BY
           =====                   =======         ======
           Font8x8_char_85         000F3352 
    -------------------------------------------------------------------------
NEAR_CONST
  Relative segment, address: 000F335C - 000F3365 (0xa bytes), align: 1
  Segment part 88.            Intra module refs:   Font8x8_table
           ENTRY                   ADDRESS         REF BY
           =====                   =======         ======
           Font8x8_char_86         000F335C 
    -------------------------------------------------------------------------
NEAR_CONST
  Relative segment, address: 000F3366 - 000F336F (0xa bytes), align: 1
  Segment part 89.            Intra module refs:   Font8x8_table
           ENTRY                   ADDRESS         REF BY
           =====                   =======         ======
           Font8x8_char_87         000F3366 
    -------------------------------------------------------------------------
NEAR_CONST
  Relative segment, address: 000F3370 - 000F3379 (0xa bytes), align: 1
  Segment part 90.            Intra module refs:   Font8x8_table
           ENTRY                   ADDRESS         REF BY
           =====                   =======         ======
           Font8x8_char_88         000F3370 
    -------------------------------------------------------------------------
NEAR_CONST
  Relative segment, address: 000F337A - 000F3383 (0xa bytes), align: 1
  Segment part 91.            Intra module refs:   Font8x8_table
           ENTRY                   ADDRESS         REF BY
           =====                   =======         ======
           Font8x8_char_89         000F337A 
    -------------------------------------------------------------------------
NEAR_CONST
  Relative segment, address: 000F3384 - 000F338D (0xa bytes), align: 1
  Segment part 92.            Intra module refs:   Font8x8_table
           ENTRY                   ADDRESS         REF BY
           =====                   =======         ======
           Font8x8_char_90         000F3384 
    -------------------------------------------------------------------------
NEAR_CONST
  Relative segment, address: 000F338E - 000F3397 (0xa bytes), align: 1
  Segment part 93.            Intra module refs:   Font8x8_table
           ENTRY                   ADDRESS         REF BY
           =====                   =======         ======
           Font8x8_char_91         000F338E 
    -------------------------------------------------------------------------
NEAR_CONST
  Relative segment, address: 000F3398 - 000F33A1 (0xa bytes), align: 1
  Segment part 94.            Intra module refs:   Font8x8_table
           ENTRY                   ADDRESS         REF BY
           =====                   =======         ======
           Font8x8_char_92         000F3398 
    -------------------------------------------------------------------------
NEAR_CONST
  Relative segment, address: 000F33A2 - 000F33AB (0xa bytes), align: 1
  Segment part 95.            Intra module refs:   Font8x8_table
           ENTRY                   ADDRESS         REF BY
           =====                   =======         ======
           Font8x8_char_93         000F33A2 
    -------------------------------------------------------------------------
NEAR_CONST
  Relative segment, address: 000F33AC - 000F33B5 (0xa bytes), align: 1
  Segment part 96.            Intra module refs:   Font8x8_table
           ENTRY                   ADDRESS         REF BY
           =====                   =======         ======
           Font8x8_char_94         000F33AC 
    -------------------------------------------------------------------------
NEAR_CONST
  Relative segment, address: 000F33B6 - 000F33BF (0xa bytes), align: 1
  Segment part 97.            Intra module refs:   Font8x8_table
           ENTRY                   ADDRESS         REF BY
           =====                   =======         ======
           Font8x8_char_95         000F33B6 
    -------------------------------------------------------------------------
NEAR_CONST
  Relative segment, address: 000F33C0 - 000F33C9 (0xa bytes), align: 1
  Segment part 98.            Intra module refs:   Font8x8_table
           ENTRY                   ADDRESS         REF BY
           =====                   =======         ======
           Font8x8_char_96         000F33C0 
    -------------------------------------------------------------------------
NEAR_CONST
  Relative segment, address: 000F33CA - 000F33D3 (0xa bytes), align: 1
  Segment part 99.            Intra module refs:   Font8x8_table
           ENTRY                   ADDRESS         REF BY
           =====                   =======         ======
           Font8x8_char_97         000F33CA 
    -------------------------------------------------------------------------
NEAR_CONST
  Relative segment, address: 000F33D4 - 000F33DD (0xa bytes), align: 1
  Segment part 100.           Intra module refs:   Font8x8_table
           ENTRY                   ADDRESS         REF BY
           =====                   =======         ======
           Font8x8_char_98         000F33D4 
    -------------------------------------------------------------------------
NEAR_CONST
  Relative segment, address: 000F33DE - 000F33E7 (0xa bytes), align: 1
  Segment part 101.           Intra module refs:   Font8x8_table
           ENTRY                   ADDRESS         REF BY
           =====                   =======         ======
           Font8x8_char_99         000F33DE 
    -------------------------------------------------------------------------
NEAR_CONST
  Relative segment, address: 000F33E8 - 000F33F1 (0xa bytes), align: 1
  Segment part 102.           Intra module refs:   Font8x8_table
           ENTRY                   ADDRESS         REF BY
           =====                   =======         ======
           Font8x8_char_100        000F33E8 
    -------------------------------------------------------------------------
NEAR_CONST
  Relative segment, address: 000F33F2 - 000F33FB (0xa bytes), align: 1
  Segment part 103.           Intra module refs:   Font8x8_table
           ENTRY                   ADDRESS         REF BY
           =====                   =======         ======
           Font8x8_char_101        000F33F2 
    -------------------------------------------------------------------------
NEAR_CONST
  Relative segment, address: 000F33FC - 000F3405 (0xa bytes), align: 1
  Segment part 104.           Intra module refs:   Font8x8_table
           ENTRY                   ADDRESS         REF BY
           =====                   =======         ======
           Font8x8_char_102        000F33FC 
    -------------------------------------------------------------------------
NEAR_CONST
  Relative segment, address: 000F3406 - 000F340F (0xa bytes), align: 1
  Segment part 105.           Intra module refs:   Font8x8_table
           ENTRY                   ADDRESS         REF BY
           =====                   =======         ======
           Font8x8_char_103        000F3406 
    -------------------------------------------------------------------------
NEAR_CONST
  Relative segment, address: 000F3410 - 000F3419 (0xa bytes), align: 1
  Segment part 106.           Intra module refs:   Font8x8_table
           ENTRY                   ADDRESS         REF BY
           =====                   =======         ======
           Font8x8_char_104        000F3410 
    -------------------------------------------------------------------------
NEAR_CONST
  Relative segment, address: 000F341A - 000F3423 (0xa bytes), align: 1
  Segment part 107.           Intra module refs:   Font8x8_table
           ENTRY                   ADDRESS         REF BY
           =====                   =======         ======
           Font8x8_char_105        000F341A 
    -------------------------------------------------------------------------
NEAR_CONST
  Relative segment, address: 000F3424 - 000F342D (0xa bytes), align: 1
  Segment part 108.           Intra module refs:   Font8x8_table
           ENTRY                   ADDRESS         REF BY
           =====                   =======         ======
           Font8x8_char_106        000F3424 
    -------------------------------------------------------------------------
NEAR_CONST
  Relative segment, address: 000F342E - 000F3437 (0xa bytes), align: 1
  Segment part 109.           Intra module refs:   Font8x8_table
           ENTRY                   ADDRESS         REF BY
           =====                   =======         ======
           Font8x8_char_107        000F342E 
    -------------------------------------------------------------------------
NEAR_CONST
  Relative segment, address: 000F3438 - 000F3441 (0xa bytes), align: 1
  Segment part 110.           Intra module refs:   Font8x8_table
           ENTRY                   ADDRESS         REF BY
           =====                   =======         ======
           Font8x8_char_108        000F3438 
    -------------------------------------------------------------------------
NEAR_CONST
  Relative segment, address: 000F3442 - 000F344B (0xa bytes), align: 1
  Segment part 111.           Intra module refs:   Font8x8_table
           ENTRY                   ADDRESS         REF BY
           =====                   =======         ======
           Font8x8_char_109        000F3442 
    -------------------------------------------------------------------------
NEAR_CONST
  Relative segment, address: 000F344C - 000F3455 (0xa bytes), align: 1
  Segment part 112.           Intra module refs:   Font8x8_table
           ENTRY                   ADDRESS         REF BY
           =====                   =======         ======
           Font8x8_char_110        000F344C 
    -------------------------------------------------------------------------
NEAR_CONST
[...]
    -------------------------------------------------------------------------
CODE
  Relative segment, address: 00007CCD - 00007CD1 (0x5 bytes), align: 0
  Segment part 15.            Intra module refs:   _PrintfLargeNoMb
                                                   _PutcharsLargeNoMb
                                                   pad
    -------------------------------------------------------------------------
CODE
  Relative segment, address: 00007CD2 - 00007CD7 (0x6 bytes), align: 0
  Segment part 16.            Intra module refs:   _PrintfLargeNoMb
    -------------------------------------------------------------------------
CODE
  Relative segment, address: 00007CD8 - 00007CDD (0x6 bytes), align: 0
  Segment part 17.            Intra module refs:   _PrintfLargeNoMb
    -------------------------------------------------------------------------
CODE
  Relative segment, address: 00007CDE - 00007D21 (0x44 bytes), align: 0
  Segment part 18.            Intra module refs:   _PrintfLargeNoMb
           LOCAL                   ADDRESS         
           =====                   =======         
           LoadInt                 00007CDE 
               CSTACK = 00000000 ( 00000002 )
    -------------------------------------------------------------------------
CODE
  Relative segment, address: 00007D22 - 00007D28 (0x7 bytes), align: 0
  Segment part 19.            Intra module refs:   LoadInt
    -------------------------------------------------------------------------
CODE
  Relative segment, address: 00007D29 - 00007D58 (0x30 bytes), align: 0
  Segment part 20.            Intra module refs:   _PrintfLargeNoMb
           LOCAL                   ADDRESS         
           =====                   =======         
           pad                     00007D29 
               calls direct
               CSTACK = 00000002 ( 0000000A )
    -------------------------------------------------------------------------
CODE
  Relative segment, address: 00007D59 - 00007ED5 (0x17d bytes), align: 0
  Segment part 21.            Intra module refs:   _PrintfLargeNoMb
           LOCAL                   ADDRESS         
           =====                   =======         
           _LitobLargeNoMb         00007D59 
               CSTACK = 00000000 ( 0000001A )
    -------------------------------------------------------------------------
CODE
  Relative segment, address: 00007ED6 - 00007ED6 (0x1 bytes), align: 0
  Segment part 22.            Intra module refs:   _GenldLargeNoMb
                                                   _LitobLargeNoMb
    -------------------------------------------------------------------------
CODE
  Relative segment, address: 00007ED7 - 00007EDB (0x5 bytes), align: 0
  Segment part 23.            Intra module refs:   Segment part 22
                                                   _GenldLargeNoMb
                                                   _LitobLargeNoMb
                                                   _PrintfLargeNoMb
    -------------------------------------------------------------------------
CODE
  Relative segment, address: 00007EDC - 00007F2F (0x54 bytes), align: 0
  Segment part 24.            Intra module refs:   _LdtobLargeNoMb
           LOCAL                   ADDRESS         
           =====                   =======         
           scale                   00007EDC 
               CSTACK = 00000000 ( 0000000E )
    -------------------------------------------------------------------------
CODE
  Relative segment, address: 00007F30 - 00008196 (0x267 bytes), align: 0
  Segment part 25.            Intra module refs:   _PrintfLargeNoMb
           LOCAL                   ADDRESS         
           =====                   =======         
           _LdtobLargeNoMb         00007F30 
               calls direct
               CSTACK = 00000000 ( 0000004C )
    -------------------------------------------------------------------------
CODE
  Relative segment, address: 00008197 - 0000819C (0x6 bytes), align: 0
  Segment part 26.            Intra module refs:   _GenldLargeNoMb
                                                   _LdtobLargeNoMb
                                                   _LitobLargeNoMb
    -------------------------------------------------------------------------
CODE
  Relative segment, address: 0000819D - 000081A3 (0x7 bytes), align: 0
  Segment part 27.            Intra module refs:   _GenldLargeNoMb
                                                   _LdtobLargeNoMb
                                                   _PrintfLargeNoMb
    -------------------------------------------------------------------------
CODE
  Relative segment, address: 000081A4 - 00008543 (0x3a0 bytes), align: 0
  Segment part 28.            Intra module refs:   _LdtobLargeNoMb
           LOCAL                   ADDRESS         
           =====                   =======         
           _GenldLargeNoMb         000081A4 
               calls direct
               CSTACK = 00000004 ( 00000020 )
    -------------------------------------------------------------------------
CODE
  Relative segment, address: 00008544 - 0000854C (0x9 bytes), align: 0
  Segment part 29.            Intra module refs:   _GenldLargeNoMb
    -------------------------------------------------------------------------
CODE
  Relative segment, address: 0000854D - 00008555 (0x9 bytes), align: 0
  Segment part 30.            Intra module refs:   _GenldLargeNoMb
    -------------------------------------------------------------------------
CODE
  Relative segment, address: 00008556 - 00008579 (0x24 bytes), align: 0
  Segment part 31.            Intra module refs:   _PrintfLargeNoMb
                                                   _PutcharsLargeNoMb
           LOCAL                   ADDRESS         
           =====                   =======         
           _PutcharLargeNoMb       00008556 
               calls indirect
               CSTACK = 00000000 ( 00000004 )
    -------------------------------------------------------------------------
CODE
  Relative segment, address: 0000857A - 000085A7 (0x2e bytes), align: 0
  Segment part 32.            Intra module refs:   _PrintfLargeNoMb
                                                   pad
           LOCAL                   ADDRESS         
           =====                   =======         
           _PutcharsLargeNoMb      0000857A 
               calls direct
               CSTACK = 00000002 ( 00000006 )
    -------------------------------------------------------------------------
NEAR_ID
  Relative segment, address: 00008768 - 0000876F (0x8 bytes), align: 1
  Segment part 3.             Intra module refs:   Segment part 2
    -------------------------------------------------------------------------
NEAR_ID
  Relative segment, address: 00008770 - 00008773 (0x4 bytes), align: 1
  Segment part 5.             Intra module refs:   Segment part 4
    -------------------------------------------------------------------------
NEAR_ID
  Relative segment, address: 00008774 - 00008777 (0x4 bytes), align: 1
  Segment part 7.             Intra module refs:   Segment part 6
    -------------------------------------------------------------------------
NEAR_ID
  Relative segment, address: 00008778 - 0000877B (0x4 bytes), align: 1
  Segment part 9.             Intra module refs:   Segment part 8
    -------------------------------------------------------------------------
NEAR_ID
  Relative segment, address: 0000877C - 0000877F (0x4 bytes), align: 1
  Segment part 11.            Intra module refs:   Segment part 10
    -------------------------------------------------------------------------
NEAR_ID
  Relative segment, address: 00008780 - 00008781 (0x2 bytes), align: 1
  Segment part 13.            Intra module refs:   Segment part 12
    -------------------------------------------------------------------------
NEAR_I
  Relative segment, address: 000F9F06 - 000F9F0D (0x8 bytes), align: 1
  Segment part 2.             Intra module refs:   _PrintfLargeNoMb
    -------------------------------------------------------------------------
NEAR_I
  Relative segment, address: 000F9F0E - 000F9F11 (0x4 bytes), align: 1
  Segment part 4.             Intra module refs:   _LdtobLargeNoMb
    -------------------------------------------------------------------------
NEAR_I
  Relative segment, address: 000F9F12 - 000F9F15 (0x4 bytes), align: 1
  Segment part 6.             Intra module refs:   _LdtobLargeNoMb
    -------------------------------------------------------------------------
NEAR_I
  Relative segment, address: 000F9F16 - 000F9F19 (0x4 bytes), align: 1
  Segment part 8.             Intra module refs:   _LdtobLargeNoMb
    -------------------------------------------------------------------------
NEAR_I
  Relative segment, address: 000F9F1A - 000F9F1D (0x4 bytes), align: 1
  Segment part 10.            Intra module refs:   _LdtobLargeNoMb
    -------------------------------------------------------------------------
NEAR_I
  Relative segment, address: 000F9F1E - 000F9F1F (0x2 bytes), align: 1
  Segment part 12.            Intra module refs:   _GenldLargeNoMb

    -------------------------------------------------------------------------
  LIBRARY MODULE, NAME : ?xsprout

  SEGMENTS IN THE MODULE
  ======================
CODE
  Relative segment, address: 000085A8 - 000085B3 (0xc bytes), align: 0
  Segment part 2.
           ENTRY                   ADDRESS         REF BY
           =====                   =======         ======
           _SProut                 000085A8        vsprintf (?vsprintf)
               CSTACK = 00000000 ( 00000002 )

    -------------------------------------------------------------------------
  LIBRARY MODULE, NAME : ?xxmemxfree

  SEGMENTS IN THE MODULE
  ======================
CODE
  Relative segment, address: 000085B4 - 00008672 (0xbf bytes), align: 0
  Segment part 2.
           ENTRY                   ADDRESS         REF BY
           =====                   =======         ======
           __near_free             000085B4        __near_findmem (?xxmemxmalloc)
               CSTACK = 00000000 ( 0000000A )

    -------------------------------------------------------------------------
  LIBRARY MODULE, NAME : ?xxmemxmalloc

  SEGMENTS IN THE MODULE
  ======================
NEAR_Z
  Relative segment, address: 000FCF36 - 000FCF39 (0x4 bytes), align: 1
  Segment part 2.             Intra module refs:   __near_findmem
                                                   __near_malloc
           ENTRY                   ADDRESS         REF BY
           =====                   =======         ======
           __near_Aldata           000FCF36        __near_free (?xxmemxfree)
    -------------------------------------------------------------------------
CODE
  Relative segment, address: 00008673 - 000086D5 (0x63 bytes), align: 0
  Segment part 4.             Intra module refs:   __near_malloc
           LOCAL                   ADDRESS         
           =====                   =======         
           __near_findmem          00008673 
               calls direct
               CSTACK = 00000000 ( 00000006 )
    -------------------------------------------------------------------------
CODE
  Relative segment, address: 000086D6 - 00008757 (0x82 bytes), align: 0
  Segment part 8.
           ENTRY                   ADDRESS         REF BY
           =====                   =======         ======
           __near_malloc           000086D6        GlyphOpen (glyph)
               calls direct
               CSTACK = 00000000 ( 00000008 )
    -------------------------------------------------------------------------
CODE
  Relative segment, address: 00008758 - 00008760 (0x9 bytes), align: 0
  Segment part 12.            Intra module refs:   __near_malloc




                ****************************************
                *                                      *
                *            MODULE SUMMARY            *
                *                                      *
                ****************************************

Module                     CODE      DATA       CONST
------                     ----      ----       -----
                          (Rel)   (Rel)  (Abs)  (Rel)
?CSTARTUP                    47
  + common                    2
?FCMP_GE                     72
?FCMP_LT                     77
?FLOAT_2_SIGNED_LONG        107
?FLOAT_ADD_SUB              604
?FLOAT_DIV                  376
?FLOAT_MUL                  341
?FLOAT_NEG_L04               41
?FUNCTION_LEAVE_L06          50
?INT_LSH_L02                 12
?LONG_FLOAT_DEALLOC_L06      23
?LONG_NEG_L03                31
?MEMCPY_NEAR                 12
?MEMCPY_SMALL_NEAR            8
?MOVE_LONG_OBJECT_L06        50
?SIGNED_LONG_2_FLOAT        105
?SINT_CMP_L02                12
?SINT_RSH_L02                13
?SLONG_CMP_L03               51
?SUBN_ARG                    11
?WRKSEG_DEFINE_L09                    9
?__INIT_NEAR_I               26
?__INIT_NEAR_Z               19
?__INIT_WRKSEG               11
?__MAIN_CALL                  6
?__dbg_break                  3
?__exit                      16
?_exit                        5
?div                         28
?exit                         3
?memchr                      21
?strchr                      16
?strlen                      14
?vsprintf                    42
?xdnorm                      90
?xdunscal                    86
?xgetmemchunk                30       2
?xprintflarge_nomb        3 576      26            26
?xsprout                     12
?xxmemxfree                 191
?xxmemxmalloc               238       4
RDKRL78_spi                 267       6             6
  + shared                                   2
ST7579_LCD                3 626
YRDKRL78_LCD                 40
__HWSDIV_16_16_16            65
__HWSDIV_32_32_32           173
__HWSMOD_16_16_16            63
__HWSxxx_32_32_32            23
fbuf_graphics               648   9 984
font_8x8                          3 072         3 072
font_x5x7                         1 528         1 528
glyph                       256
glyph_register              101
lcd                         225       4             2
profile                     261      71            60
r_cg_adc                     89             14
  + shared                                  13
r_cg_adc_user                 2
  + common                   54
r_cg_cgc                     42              4
r_cg_it                      39              2
r_cg_it_user                 15
  + common                   58
r_cg_port                    51              8
  + shared                                   3
r_cg_serial                 205       8     16
  + shared                                  11
r_cg_serial_user            128       2      2
  + common                   24
r_cg_timer                   93             14
r_cg_timer_user              97
  + common                   46
r_main                      190      20  1 024     20
r_systeminit                 46              5
region                            2 048         1 862
rtc_sched                   104     103
skumar15_graphics         4 950
N/A (command line)                  768
N/A (alignment)               3  -6 542
----------               ------  ------  -----  -----
Total:                   18 278  11 113  1 118  6 576
  + common                   58


                ****************************************
                *                                      *
                *      SEGMENTS IN ADDRESS ORDER       *
                *                                      *
                ****************************************


SEGMENT              SPACE    START ADDRESS   END ADDRESS     SIZE  TYPE  ALIGN
=======              =====    =============   ===========     ====  ====  =====
__aseg                                  00000000                     rel    0
INTVEC                             00000000 - 00000039          3A   com    1
OPTBYTE                            000000C0 - 000000C3           4   rel    0
SECUID                             000000C4 - 000000CD           A   rel    1
RCODE                              000000D8 - 00000A5C         985   rel    1
NEAR_CONST_ID                      00003000 - 0000498D        198E   rel    1
CODE                               0000498E - 00008760        3DD3   rel    0
NEAR_ID                            00008762 - 00008783          22   rel    1
NEAR_A                             000F0010 - 000F0012           3   rel    0
                                   000F0060 - 000F0060           1 
                                   000F006A - 000F006A           1 
                                   000F006C - 000F006C           1 
                                   000F006E - 000F006E           1 
                                   000F0076 - 000F0079           4 
                                   000F007B - 000F007B           1 
                                   000F00F0 - 000F00F0           1 
                                   000F00F3 - 000F00F3           1 
                                   000F0142 - 000F0143           2 
                                   000F014A - 000F014B           2 
                                   000F0152 - 000F0153           2 
                                   000F015A - 000F015B           2 
                                   000F0162 - 000F016B           A 
                                   000F0190 - 000F0191           2 
                                   000F01B2 - 000F01BB           A 
                                   000F02F0 - 000F02F0           1 
NEAR_CONST                         000F3000 - 000F498D        198E   rel    1
NEAR_I                             000F9F00 - 000F9F21          22   rel    1
NEAR_A                             000FA300 - 000FA6FF         400   rel    0
NEAR_Z                             000FA700 - 000FCF3D        283E   rel    1
FAR_Z                                   000FCF3E                     rel    0
NEAR_HEAP                          000FCF3E - 000FD03D         100   rel    1
CSTACK                             000FD03E - 000FD23D         200   rel    1
WRKSEG                             000FFE20 - 000FFE28           9   rel    1
SADDR_A                            000FFF00 - 000FFF01           2   rel    0
                                   000FFF04 - 000FFF04           1 
                                   000FFF06 - 000FFF07           2 
                                   000FFF0A - 000FFF0A           1 
                                   000FFF0D - 000FFF0F           3 
                                   000FFF18 - 000FFF19           2 
                                   000FFF1E - 000FFF1F           2 
NEAR_A                             000FFF20 - 000FFF22           3   rel    0
                                   000FFF24 - 000FFF24           1 
                                   000FFF26 - 000FFF27           2 
                                   000FFF2A - 000FFF2A           1 
                                   000FFF2C - 000FFF2C           1 
                                   000FFF2E - 000FFF32           5 
                                   000FFF4A - 000FFF4B           2 
                                   000FFF90 - 000FFF91           2 
                                   000FFFA0 - 000FFFA1           2 
                                   000FFFA4 - 000FFFA4           1 
NEAR_A                             000FFFE0 - 000FFFEF          10   rel    0

                ****************************************
                *                                      *
                *        END OF CROSS REFERENCE        *
                *                                      *
                ****************************************

 18 336 bytes of CODE  memory
 11 113 bytes of DATA  memory (+ 1 118 absolute )
  6 576 bytes of CONST memory

Errors: none
Warnings: 1

